###############################################################################
#
# IAR ELF Linker V8.11.1.13263/W32 for ARM                06/Sep/2017  22:06:06
# Copyright 2007-2017 IAR Systems AB.
#
#    Output file  =  
#        C:\Users\gunho\Desktop\∞Ô¡Ÿπ⁄¿Ã\EWARM\STM32_SigmaFreshmanProjwithPCB\Exe\STM32_SigmaFreshmanProjwithPCB.out
#    Map file     =  
#        C:\Users\gunho\Desktop\∞Ô¡Ÿπ⁄¿Ã\EWARM\STM32_SigmaFreshmanProjwithPCB\List\STM32_SigmaFreshmanProjwithPCB.map
#    Command line =  
#        -f C:\Users\gunho\AppData\Local\Temp\EW5000.tmp
#        (C:\Users\gunho\Desktop\∞Ô¡Ÿπ⁄¿Ã\EWARM\STM32_SigmaFreshmanProjwithPCB\Obj\main.o
#        C:\Users\gunho\Desktop\∞Ô¡Ÿπ⁄¿Ã\EWARM\STM32_SigmaFreshmanProjwithPCB\Obj\startup_stm32f100xb.o
#        C:\Users\gunho\Desktop\∞Ô¡Ÿπ⁄¿Ã\EWARM\STM32_SigmaFreshmanProjwithPCB\Obj\stm32f1xx_hal.o
#        C:\Users\gunho\Desktop\∞Ô¡Ÿπ⁄¿Ã\EWARM\STM32_SigmaFreshmanProjwithPCB\Obj\stm32f1xx_hal_cortex.o
#        C:\Users\gunho\Desktop\∞Ô¡Ÿπ⁄¿Ã\EWARM\STM32_SigmaFreshmanProjwithPCB\Obj\stm32f1xx_hal_dma.o
#        C:\Users\gunho\Desktop\∞Ô¡Ÿπ⁄¿Ã\EWARM\STM32_SigmaFreshmanProjwithPCB\Obj\stm32f1xx_hal_flash.o
#        C:\Users\gunho\Desktop\∞Ô¡Ÿπ⁄¿Ã\EWARM\STM32_SigmaFreshmanProjwithPCB\Obj\stm32f1xx_hal_flash_ex.o
#        C:\Users\gunho\Desktop\∞Ô¡Ÿπ⁄¿Ã\EWARM\STM32_SigmaFreshmanProjwithPCB\Obj\stm32f1xx_hal_gpio.o
#        C:\Users\gunho\Desktop\∞Ô¡Ÿπ⁄¿Ã\EWARM\STM32_SigmaFreshmanProjwithPCB\Obj\stm32f1xx_hal_gpio_ex.o
#        C:\Users\gunho\Desktop\∞Ô¡Ÿπ⁄¿Ã\EWARM\STM32_SigmaFreshmanProjwithPCB\Obj\stm32f1xx_hal_msp.o
#        C:\Users\gunho\Desktop\∞Ô¡Ÿπ⁄¿Ã\EWARM\STM32_SigmaFreshmanProjwithPCB\Obj\stm32f1xx_hal_pwr.o
#        C:\Users\gunho\Desktop\∞Ô¡Ÿπ⁄¿Ã\EWARM\STM32_SigmaFreshmanProjwithPCB\Obj\stm32f1xx_hal_rcc.o
#        C:\Users\gunho\Desktop\∞Ô¡Ÿπ⁄¿Ã\EWARM\STM32_SigmaFreshmanProjwithPCB\Obj\stm32f1xx_hal_rcc_ex.o
#        C:\Users\gunho\Desktop\∞Ô¡Ÿπ⁄¿Ã\EWARM\STM32_SigmaFreshmanProjwithPCB\Obj\stm32f1xx_hal_tim.o
#        C:\Users\gunho\Desktop\∞Ô¡Ÿπ⁄¿Ã\EWARM\STM32_SigmaFreshmanProjwithPCB\Obj\stm32f1xx_hal_tim_ex.o
#        C:\Users\gunho\Desktop\∞Ô¡Ÿπ⁄¿Ã\EWARM\STM32_SigmaFreshmanProjwithPCB\Obj\stm32f1xx_hal_uart.o
#        C:\Users\gunho\Desktop\∞Ô¡Ÿπ⁄¿Ã\EWARM\STM32_SigmaFreshmanProjwithPCB\Obj\stm32f1xx_it.o
#        C:\Users\gunho\Desktop\∞Ô¡Ÿπ⁄¿Ã\EWARM\STM32_SigmaFreshmanProjwithPCB\Obj\system_stm32f1xx.o
#        --redirect _Printf=_PrintfFull --redirect _Scanf=_ScanfFull -o
#        C:\Users\gunho\Desktop\∞Ô¡Ÿπ⁄¿Ã\EWARM\STM32_SigmaFreshmanProjwithPCB\Exe\STM32_SigmaFreshmanProjwithPCB.out
#        --map
#        C:\Users\gunho\Desktop\∞Ô¡Ÿπ⁄¿Ã\EWARM\STM32_SigmaFreshmanProjwithPCB\List\STM32_SigmaFreshmanProjwithPCB.map
#        --config
#        C:\Users\gunho\Desktop\∞Ô¡Ÿπ⁄¿Ã\EWARM/stm32f100xb_flash.icf
#        --semihosting --entry __iar_program_start --vfe --text_out locale)
#
###############################################################################

*******************************************************************************
*** RUNTIME MODEL ATTRIBUTES
***

CppFlavor       = *
__SystemLibrary = DLib
__dlib_version  = 6


*******************************************************************************
*** HEAP SELECTION
***

The basic heap was selected because no calls to memory allocation
functions were found in the application outside of system library
functions, and there are calls to deallocation functions in the
application.


*******************************************************************************
*** PLACEMENT SUMMARY
***

"A0":  place at 0x08000000 { ro section .intvec };
"P1":  place in [from 0x08000000 to 0x0801ffff] { ro };
"P2":  place in [from 0x20000000 to 0x20001fff] { rw, block CSTACK, block HEAP };
initialize by copy { rw };

  Section            Kind        Address    Size  Object
  -------            ----        -------    ----  ------
"A0":                                      0x120
  .intvec            ro code  0x08000000   0x120  startup_stm32f100xb.o [1]
                            - 0x08000120   0x120

"P1":                                     0x18f0
  .text              ro code  0x08000120   0x4b0  stm32f1xx_hal_rcc.o [1]
  .text              ro code  0x080005d0     0xc  stm32f1xx_hal.o [1]
  .text              ro code  0x080005dc    0x28  stm32f1xx_hal.o [1]
  .text              ro code  0x08000604    0xe2  stm32f1xx_hal_cortex.o [1]
  .text              ro code  0x080006e8   0x48c  stm32f1xx_hal_tim.o [1]
  .text              ro code  0x08000b74   0x1d8  stm32f1xx_hal_msp.o [1]
  .text              ro code  0x08000d4c     0x2  stm32f1xx_hal_tim.o [1]
  .text              ro code  0x08000d4e     0x2  stm32f1xx_hal_tim.o [1]
  .text              ro code  0x08000d50     0x2  stm32f1xx_hal_tim.o [1]
  .text              ro code  0x08000d52     0x2  stm32f1xx_hal_tim_ex.o [1]
  .text              ro code  0x08000d54     0x2  stm32f1xx_hal_tim.o [1]
  .text              ro code  0x08000d56     0x2  stm32f1xx_hal_tim_ex.o [1]
  .text              ro code  0x08000d58     0x2  stm32f1xx_hal_tim.o [1]
  .text              ro code  0x08000d5c   0x1da  stm32f1xx_hal_gpio.o [1]
  .text              ro code  0x08000f38   0x402  stm32f1xx_hal_uart.o [1]
  .text              ro code  0x0800133c    0xb8  stm32f1xx_hal_dma.o [1]
  .text              ro code  0x080013f4     0x2  stm32f1xx_hal_uart.o [1]
  .text              ro code  0x080013f6     0x2  stm32f1xx_hal_uart.o [1]
  .text              ro code  0x080013f8     0x2  stm32f1xx_hal_uart.o [1]
  .text              ro code  0x080013fc   0x2b6  main.o [1]
  .text              ro code  0x080016b4    0x16  stm32f1xx_hal.o [1]
  .text              ro code  0x080016ca    0x1e  stm32f1xx_hal.o [1]
  .text              ro code  0x080016e8    0xa4  stm32f1xx_hal_tim_ex.o [1]
  .text              ro code  0x0800178c    0x62  stm32f1xx_it.o [1]
  .text              ro code  0x080017f0    0x10  stm32f1xx_hal.o [1]
  .text              ro code  0x08001800    0x60  system_stm32f1xx.o [1]
  .text              ro code  0x08001860    0x40  zero_init3.o [4]
  .text              ro code  0x080018a0    0x2c  copy_init3.o [4]
  .text              ro code  0x080018cc    0x28  data_init.o [4]
  .iar.init_table    const    0x080018f4    0x24  - Linker created -
  .text              ro code  0x08001918    0x1a  cmain.o [4]
  .text              ro code  0x08001932     0x4  low_level_init.o [3]
  .text              ro code  0x08001936     0x4  exit.o [3]
  .text              ro code  0x0800193c     0xa  cexit.o [4]
  .text              ro code  0x08001948    0x14  exit.o [5]
  .text              ro code  0x0800195c    0x10  startup_stm32f100xb.o [1]
  .text              ro code  0x0800196c     0xc  cstartup_M.o [4]
  .rodata            const    0x08001978     0x8  system_stm32f1xx.o [1]
  .text              ro code  0x08001980     0x4  startup_stm32f100xb.o [1]
  .text              ro code  0x08001984     0x4  startup_stm32f100xb.o [1]
  .text              ro code  0x08001988     0x4  startup_stm32f100xb.o [1]
  .text              ro code  0x0800198c     0x4  startup_stm32f100xb.o [1]
  .text              ro code  0x08001990     0x4  startup_stm32f100xb.o [1]
  .text              ro code  0x08001994     0x4  startup_stm32f100xb.o [1]
  .text              ro code  0x08001998     0x4  startup_stm32f100xb.o [1]
  .text              ro code  0x0800199c     0x4  startup_stm32f100xb.o [1]
  .text              ro code  0x080019a0     0x4  startup_stm32f100xb.o [1]
  .text              ro code  0x080019a4     0x4  startup_stm32f100xb.o [1]
  .text              ro code  0x080019a8     0x4  startup_stm32f100xb.o [1]
  .text              ro code  0x080019ac     0x4  startup_stm32f100xb.o [1]
  .text              ro code  0x080019b0     0x4  startup_stm32f100xb.o [1]
  .text              ro code  0x080019b4     0x4  startup_stm32f100xb.o [1]
  .text              ro code  0x080019b8     0x4  startup_stm32f100xb.o [1]
  .text              ro code  0x080019bc     0x4  startup_stm32f100xb.o [1]
  .text              ro code  0x080019c0     0x4  startup_stm32f100xb.o [1]
  .text              ro code  0x080019c4     0x4  startup_stm32f100xb.o [1]
  .text              ro code  0x080019c8     0x4  startup_stm32f100xb.o [1]
  .text              ro code  0x080019cc     0x4  startup_stm32f100xb.o [1]
  .text              ro code  0x080019d0     0x4  startup_stm32f100xb.o [1]
  .text              ro code  0x080019d4     0x4  startup_stm32f100xb.o [1]
  .text              ro code  0x080019d8     0x4  startup_stm32f100xb.o [1]
  .text              ro code  0x080019dc     0x4  startup_stm32f100xb.o [1]
  .text              ro code  0x080019e0     0x4  startup_stm32f100xb.o [1]
  .text              ro code  0x080019e4     0x4  startup_stm32f100xb.o [1]
  .text              ro code  0x080019e8     0x4  startup_stm32f100xb.o [1]
  .text              ro code  0x080019ec     0x4  startup_stm32f100xb.o [1]
  .text              ro code  0x080019f0     0x4  startup_stm32f100xb.o [1]
  .text              ro code  0x080019f4     0x4  startup_stm32f100xb.o [1]
  .text              ro code  0x080019f8     0x4  startup_stm32f100xb.o [1]
  .text              ro code  0x080019fc     0x4  startup_stm32f100xb.o [1]
  .text              ro code  0x08001a00     0x4  startup_stm32f100xb.o [1]
  .text              ro code  0x08001a04     0x4  startup_stm32f100xb.o [1]
  .text              ro code  0x08001a08     0x4  startup_stm32f100xb.o [1]
  Initializer bytes  const    0x08001a0c     0x4  <for P2-1>
  .rodata            const    0x08001a10     0x0  zero_init3.o [4]
  .rodata            const    0x08001a10     0x0  copy_init3.o [4]
                            - 0x08001a10  0x18f0

"P2", part 1 of 3:                           0x4
  P2-1                        0x20000000     0x4  <Init block>
    .data            inited   0x20000000     0x4  system_stm32f1xx.o [1]
                            - 0x20000004     0x4

"P2", part 2 of 3:                         0x400
  CSTACK                      0x20000008   0x400  <Block>
    CSTACK           uninit   0x20000008   0x400  <Block tail>
                            - 0x20000408   0x400

"P2", part 3 of 3:                         0x104
  .bss               zero     0x20000408    0x40  main.o [1]
  .bss               zero     0x20000448    0x40  main.o [1]
  .bss               zero     0x20000488    0x40  main.o [1]
  .bss               zero     0x200004c8    0x40  main.o [1]
  .bss               zero     0x20000508     0x4  stm32f1xx_hal.o [1]
                            - 0x2000050c   0x104


*******************************************************************************
*** INIT TABLE
***

          Address     Size
          -------     ----
Zero (__iar_zero_init3)
    1 destination range, total size 0x104:
          0x20000408  0x104

Copy (__iar_copy_init3)
    1 source range, total size 0x4:
          0x08001a0c    0x4
    1 destination range, total size 0x4:
          0x20000000    0x4



*******************************************************************************
*** MODULE SUMMARY
***

    Module                  ro code  ro data  rw data
    ------                  -------  -------  -------
C:\Users\gunho\Desktop\∞Ô¡Ÿπ⁄¿Ã\EWARM\STM32_SigmaFreshmanProjwithPCB\Obj: [1]
    main.o                      694               256
    startup_stm32f100xb.o       444
    stm32f1xx_hal.o             120                 4
    stm32f1xx_hal_cortex.o      226
    stm32f1xx_hal_dma.o         184
    stm32f1xx_hal_gpio.o        474
    stm32f1xx_hal_msp.o         472
    stm32f1xx_hal_rcc.o       1 200
    stm32f1xx_hal_tim.o       1 174
    stm32f1xx_hal_tim_ex.o      168
    stm32f1xx_hal_uart.o      1 032
    stm32f1xx_it.o               98
    system_stm32f1xx.o           96       12        4
    -------------------------------------------------
    Total:                    6 382       12      264

command line: [2]
    -------------------------------------------------
    Total:

dl7M_tlf.a: [3]
    exit.o                        4
    low_level_init.o              4
    -------------------------------------------------
    Total:                        8

rt7M_tl.a: [4]
    cexit.o                      10
    cmain.o                      26
    copy_init3.o                 44
    cstartup_M.o                 12
    data_init.o                  40
    zero_init3.o                 64
    -------------------------------------------------
    Total:                      196

shb_l.a: [5]
    exit.o                       20
    -------------------------------------------------
    Total:                       20

    Gaps                         18
    Linker created                        36    1 024
-----------------------------------------------------
    Grand Total:              6 624       48    1 288


*******************************************************************************
*** ENTRY LIST
***

Entry                      Address   Size  Type      Object
-----                      -------   ----  ----      ------
.iar.init_table$$Base   0x080018f4          --   Gb  - Linker created -
.iar.init_table$$Limit  0x08001918          --   Gb  - Linker created -
?main                   0x08001919         Code  Gb  cmain.o [4]
AHBPrescTable           0x08001850   0x10  Data  Gb  system_stm32f1xx.o [1]
APBPrescTable           0x08001978    0x8  Data  Gb  system_stm32f1xx.o [1]
BusFault_Handler        0x08001793    0x2  Code  Gb  stm32f1xx_it.o [1]
CSTACK$$Base            0x20000008          --   Gb  - Linker created -
CSTACK$$Limit           0x20000408          --   Gb  - Linker created -
DebugMon_Handler        0x08001799    0x2  Code  Gb  stm32f1xx_it.o [1]
EXTI15_10_IRQHandler    0x080017d9   0x16  Code  Gb  stm32f1xx_it.o [1]
HAL_DMA_Abort_IT        0x0800133d   0x9a  Code  Gb  stm32f1xx_hal_dma.o [1]
HAL_Delay               0x080016cb   0x1e  Code  Wk  stm32f1xx_hal.o [1]
HAL_GPIO_EXTI_IRQHandler
                        0x08000eeb   0x10  Code  Gb  stm32f1xx_hal_gpio.o [1]
HAL_GPIO_Init           0x08000d5d  0x17e  Code  Gb  stm32f1xx_hal_gpio.o [1]
HAL_GPIO_TogglePin      0x08000ee3    0x8  Code  Gb  stm32f1xx_hal_gpio.o [1]
HAL_GPIO_WritePin       0x08000edb    0x8  Code  Gb  stm32f1xx_hal_gpio.o [1]
HAL_GetTick             0x080005d1    0xc  Code  Wk  stm32f1xx_hal.o [1]
HAL_IncTick             0x080017f1   0x10  Code  Wk  stm32f1xx_hal.o [1]
HAL_Init                0x080016b5   0x16  Code  Gb  stm32f1xx_hal.o [1]
HAL_InitTick            0x080005dd   0x28  Code  Wk  stm32f1xx_hal.o [1]
HAL_MspInit             0x08000b75   0x84  Code  Gb  stm32f1xx_hal_msp.o [1]
HAL_NVIC_EnableIRQ      0x08000673    0xa  Code  Gb  stm32f1xx_hal_cortex.o [1]
HAL_NVIC_SetPriority    0x08000639   0x3a  Code  Gb  stm32f1xx_hal_cortex.o [1]
HAL_NVIC_SetPriorityGrouping
                        0x0800061f   0x1a  Code  Gb  stm32f1xx_hal_cortex.o [1]
HAL_RCC_ClockConfig     0x0800043f   0xe4  Code  Gb  stm32f1xx_hal_rcc.o [1]
HAL_RCC_GetHCLKFreq     0x0800055d    0x6  Code  Gb  stm32f1xx_hal_rcc.o [1]
HAL_RCC_GetPCLK1Freq    0x08000563   0x10  Code  Gb  stm32f1xx_hal_rcc.o [1]
HAL_RCC_GetPCLK2Freq    0x08000573    0xe  Code  Gb  stm32f1xx_hal_rcc.o [1]
HAL_RCC_GetSysClockFreq
                        0x08000523   0x3a  Code  Gb  stm32f1xx_hal_rcc.o [1]
HAL_RCC_GetSysClockFreq::aPLLMULFactorTable
                        0x080005b0   0x10  Data  Lc  stm32f1xx_hal_rcc.o [1]
HAL_RCC_GetSysClockFreq::aPredivFactorTable
                        0x080005c0   0x10  Data  Lc  stm32f1xx_hal_rcc.o [1]
HAL_RCC_OscConfig       0x08000121  0x316  Code  Gb  stm32f1xx_hal_rcc.o [1]
HAL_SYSTICK_CLKSourceConfig
                        0x080006af   0x1a  Code  Gb  stm32f1xx_hal_cortex.o [1]
HAL_SYSTICK_Config      0x08000687   0x28  Code  Gb  stm32f1xx_hal_cortex.o [1]
HAL_SYSTICK_IRQHandler  0x080006e1    0x4  Code  Gb  stm32f1xx_hal_cortex.o [1]
HAL_TIMEx_BreakCallback
                        0x08000d53    0x2  Code  Wk  stm32f1xx_hal_tim_ex.o [1]
HAL_TIMEx_CommutationCallback
                        0x08000d57    0x2  Code  Wk  stm32f1xx_hal_tim_ex.o [1]
HAL_TIMEx_ConfigBreakDeadTime
                        0x080016e9   0x5a  Code  Gb  stm32f1xx_hal_tim_ex.o [1]
HAL_TIMEx_MasterConfigSynchronization
                        0x08001743   0x4a  Code  Gb  stm32f1xx_hal_tim_ex.o [1]
HAL_TIM_IRQHandler      0x08000727  0x142  Code  Gb  stm32f1xx_hal_tim.o [1]
HAL_TIM_MspPostInit     0x08000c85   0x38  Code  Gb  stm32f1xx_hal_msp.o [1]
HAL_TIM_PWM_ConfigChannel
                        0x0800086f   0xc0  Code  Gb  stm32f1xx_hal_tim.o [1]
HAL_TIM_PWM_Init        0x080006fd   0x1a  Code  Gb  stm32f1xx_hal_tim.o [1]
HAL_TIM_PWM_MspInit     0x08000bf9   0x8c  Code  Gb  stm32f1xx_hal_msp.o [1]
HAL_UART_IRQHandler     0x08000fb7  0x152  Code  Gb  stm32f1xx_hal_uart.o [1]
HAL_UART_Init           0x08000f39   0x20  Code  Gb  stm32f1xx_hal_uart.o [1]
HAL_UART_MspInit        0x08000cc7   0x68  Code  Gb  stm32f1xx_hal_msp.o [1]
HardFault_Handler       0x0800178f    0x2  Code  Gb  stm32f1xx_it.o [1]
MX_TIM1_Init            0x08001541   0x8e  Code  Lc  main.o [1]
MX_TIM2_Init            0x080015cf   0x42  Code  Lc  main.o [1]
MX_TIM3_Init            0x08001629   0x2c  Code  Lc  main.o [1]
MemManage_Handler       0x08001791    0x2  Code  Gb  stm32f1xx_it.o [1]
NMI_Handler             0x0800178d    0x2  Code  Gb  stm32f1xx_it.o [1]
NVIC_SetPriority        0x08000605   0x1a  Code  Lc  stm32f1xx_hal_cortex.o [1]
PendSV_Handler          0x0800179b    0x2  Code  Gb  stm32f1xx_it.o [1]
Region$$Table$$Base     0x080018f4          --   Gb  - Linker created -
Region$$Table$$Limit    0x08001918          --   Gb  - Linker created -
SVC_Handler             0x08001797    0x2  Code  Gb  stm32f1xx_it.o [1]
SysTick_Handler         0x0800179d    0xe  Code  Gb  stm32f1xx_it.o [1]
SystemClock_Config      0x080014e5   0x5c  Code  Gb  main.o [1]
SystemCoreClock         0x20000000    0x4  Data  Gb  system_stm32f1xx.o [1]
SystemInit              0x08001801   0x3e  Code  Gb  system_stm32f1xx.o [1]
TIM1_BRK_TIM15_IRQHandler
                        0x080017ab    0x2  Code  Gb  stm32f1xx_it.o [1]
TIM1_UP_TIM16_IRQHandler
                        0x080017ad    0x2  Code  Gb  stm32f1xx_it.o [1]
TIM2_IRQHandler         0x080017b5    0x6  Code  Gb  stm32f1xx_it.o [1]
TIM3_IRQHandler         0x080017bb    0x6  Code  Gb  stm32f1xx_it.o [1]
TIM_Base_SetConfig      0x08000957   0x7e  Code  Gb  stm32f1xx_hal_tim.o [1]
TIM_OC1_SetConfig       0x080009d5   0x6e  Code  Lc  stm32f1xx_hal_tim.o [1]
TIM_OC2_SetConfig       0x08000a43   0x64  Code  Gb  stm32f1xx_hal_tim.o [1]
TIM_OC3_SetConfig       0x08000aa7   0x62  Code  Lc  stm32f1xx_hal_tim.o [1]
TIM_OC4_SetConfig       0x08000b09   0x52  Code  Lc  stm32f1xx_hal_tim.o [1]
UART_DMAAbortOnError    0x08001125    0xc  Code  Lc  stm32f1xx_hal_uart.o [1]
UART_EndRxTransfer      0x08001109   0x1c  Code  Lc  stm32f1xx_hal_uart.o [1]
UART_Receive_IT         0x08001131   0x96  Code  Lc  stm32f1xx_hal_uart.o [1]
UART_SetConfig          0x080011c7  0x130  Code  Lc  stm32f1xx_hal_uart.o [1]
USART1_IRQHandler       0x080017c1    0x6  Code  Gb  stm32f1xx_it.o [1]
UsageFault_Handler      0x08001795    0x2  Code  Gb  stm32f1xx_it.o [1]
__cmain                 0x08001919         Code  Gb  cmain.o [4]
__exit                  0x08001949   0x14  Code  Gb  exit.o [5]
__iar_copy_init3        0x080018a1   0x2c  Code  Gb  copy_init3.o [4]
__iar_data_init3        0x080018cd   0x28  Code  Gb  data_init.o [4]
__iar_program_start     0x0800196d         Code  Gb  cstartup_M.o [4]
__iar_systems$$module {Abs}
                        0x00000001         Data  Gb  command line/config [2]
__iar_zero_init3        0x08001861   0x40  Code  Gb  zero_init3.o [4]
__low_level_init        0x08001933    0x4  Code  Gb  low_level_init.o [3]
__vector_table          0x08000000         Data  Gb  startup_stm32f100xb.o [1]
_call_main              0x08001925         Code  Gb  cmain.o [4]
_exit                   0x0800193d         Code  Gb  cexit.o [4]
_main                   0x0800192f         Code  Gb  cmain.o [4]
exit                    0x08001937    0x4  Code  Gb  exit.o [3]
htim1                   0x20000408   0x40  Data  Gb  main.o [1]
htim2                   0x20000448   0x40  Data  Gb  main.o [1]
htim3                   0x20000488   0x40  Data  Gb  main.o [1]
huart1                  0x200004c8   0x40  Data  Gb  main.o [1]
main                    0x080013fd   0xe8  Code  Gb  main.o [1]
uwTick                  0x20000508    0x4  Data  Gb  stm32f1xx_hal.o [1]


[1] = C:\Users\gunho\Desktop\∞Ô¡Ÿπ⁄¿Ã\EWARM\STM32_SigmaFreshmanProjwithPCB\Obj
[2] = command line
[3] = dl7M_tlf.a
[4] = rt7M_tl.a
[5] = shb_l.a

  6 624 bytes of readonly  code memory
     48 bytes of readonly  data memory
  1 288 bytes of readwrite data memory

Errors: none
Warnings: none
